stm32f3xx_hal_usart.c:1754:13:USART_EndTransfer	0	static
stm32f3xx_hal_usart.c:2169:26:USART_Transmit_IT	0	static
stm32f3xx_hal_usart.c:2032:26:USART_SetConfig	8	static
stm32f3xx_hal_usart.c:2000:26:USART_WaitOnFlagUntilTimeout	24	static
stm32f3xx_hal_usart.c:2113:26:USART_CheckIdleState	24	static
stm32f3xx_hal_usart.c:359:13:HAL_USART_MspInit	0	static
stm32f3xx_hal_usart.c:276:19:HAL_USART_Init	8	static
stm32f3xx_hal_usart.c:374:13:HAL_USART_MspDeInit	0	static
stm32f3xx_hal_usart.c:325:19:HAL_USART_DeInit	16	static
stm32f3xx_hal_usart.c:471:19:HAL_USART_Transmit	32	static
stm32f3xx_hal_usart.c:543:19:HAL_USART_Receive	32	static
stm32f3xx_hal_usart.c:628:19:HAL_USART_TransmitReceive	32	static
stm32f3xx_hal_usart.c:720:19:HAL_USART_Transmit_IT	0	static
stm32f3xx_hal_usart.c:767:19:HAL_USART_Receive_IT	0	static
stm32f3xx_hal_usart.c:823:19:HAL_USART_TransmitReceive_IT	4	static
stm32f3xx_hal_usart.c:879:19:HAL_USART_Transmit_DMA	16	static
stm32f3xx_hal_usart.c:944:19:HAL_USART_Receive_DMA	24	static
stm32f3xx_hal_usart.c:1026:19:HAL_USART_TransmitReceive_DMA	24	static
stm32f3xx_hal_usart.c:1107:19:HAL_USART_DMAPause	0	static
stm32f3xx_hal_usart.c:1148:19:HAL_USART_DMAResume	0	static
stm32f3xx_hal_usart.c:1186:19:HAL_USART_DMAStop	8	static
stm32f3xx_hal_usart.c:1229:19:HAL_USART_Abort	8	static
stm32f3xx_hal_usart.c:1586:13:HAL_USART_TxCpltCallback	0	static
stm32f3xx_hal_usart.c:1770:13:USART_DMATransmitCplt	8	static
stm32f3xx_hal_usart.c:2218:26:USART_EndTransmit_IT	8	static
stm32f3xx_hal_usart.c:1601:13:HAL_USART_TxHalfCpltCallback	0	static
stm32f3xx_hal_usart.c:1804:13:USART_DMATxHalfCplt	8	static
stm32f3xx_hal_usart.c:1616:13:HAL_USART_RxCpltCallback	0	static
stm32f3xx_hal_usart.c:2242:26:USART_Receive_IT	8	static
stm32f3xx_hal_usart.c:1631:13:HAL_USART_RxHalfCpltCallback	0	static
stm32f3xx_hal_usart.c:1868:13:USART_DMARxHalfCplt	8	static
stm32f3xx_hal_usart.c:1646:13:HAL_USART_TxRxCpltCallback	0	static
stm32f3xx_hal_usart.c:1816:13:USART_DMAReceiveCplt	8	static
stm32f3xx_hal_usart.c:2295:26:USART_TransmitReceive_IT	8	static
stm32f3xx_hal_usart.c:1661:13:HAL_USART_ErrorCallback	0	static
stm32f3xx_hal_usart.c:1880:13:USART_DMAError	8	static
stm32f3xx_hal_usart.c:1412:6:HAL_USART_IRQHandler	16	static
stm32f3xx_hal_usart.c:1900:13:USART_DMAAbortOnError	8	static
stm32f3xx_hal_usart.c:1676:13:HAL_USART_AbortCpltCallback	0	static
stm32f3xx_hal_usart.c:1297:19:HAL_USART_Abort_IT	8	static
stm32f3xx_hal_usart.c:1958:13:USART_DMARxAbortCallback	8	static
stm32f3xx_hal_usart.c:1917:13:USART_DMATxAbortCallback	8	static
stm32f3xx_hal_usart.c:1713:24:HAL_USART_GetState	0	static
stm32f3xx_hal_usart.c:1724:10:HAL_USART_GetError	0	static
