stm32f3xx_hal_can.c:356:19:HAL_CAN_ConfigFilter	16	static
stm32f3xx_hal_can.c:486:13:HAL_CAN_MspInit	0	static
stm32f3xx_hal_can.c:172:19:HAL_CAN_Init	16	static
stm32f3xx_hal_can.c:502:13:HAL_CAN_MspDeInit	0	static
stm32f3xx_hal_can.c:453:19:HAL_CAN_DeInit	8	static
stm32f3xx_hal_can.c:540:19:HAL_CAN_Transmit	24	static
stm32f3xx_hal_can.c:684:19:HAL_CAN_Transmit_IT	16	static
stm32f3xx_hal_can.c:805:19:HAL_CAN_Receive	24	static
stm32f3xx_hal_can.c:1000:19:HAL_CAN_Receive_IT	4	static
stm32f3xx_hal_can.c:1109:19:HAL_CAN_Sleep	16	static
stm32f3xx_hal_can.c:1168:19:HAL_CAN_WakeUp	16	static
stm32f3xx_hal_can.c:1407:13:HAL_CAN_TxCpltCallback	0	static
stm32f3xx_hal_can.c:1512:26:CAN_Transmit_IT	8	static
stm32f3xx_hal_can.c:1423:13:HAL_CAN_RxCpltCallback	0	static
stm32f3xx_hal_can.c:1563:26:CAN_Receive_IT	8	static
stm32f3xx_hal_can.c:1439:13:HAL_CAN_ErrorCallback	0	static
stm32f3xx_hal_can.c:1223:6:HAL_CAN_IRQHandler	16	static
stm32f3xx_hal_can.c:1475:22:HAL_CAN_GetState	0	static
stm32f3xx_hal_can.c:1487:10:HAL_CAN_GetError	0	static
